../Core/Src/main.c:117:1:__io_putchar	16	static
../Core/Src/main.c:124:9:BME280_Compensate_T	32	static
../Core/Src/main.c:133:10:BME280_Compensate_P	336	static
../Core/Src/main.c:153:16:Check_Enter_Pressed	16	static
../Core/Src/main.c:171:26:I2C1_SafeReinit	16	static
../Core/Src/main.c:197:13:I2C_Bus_Recover	24	static
../Core/Src/main.c:221:13:Handle_Streaming_Toggle	8	static
../Core/Src/main.c:240:5:main	88	static
../Core/Src/main.c:413:6:SystemClock_Config	88	static
../Core/Src/main.c:461:13:MX_I2C1_Init	8	static
../Core/Src/main.c:495:13:MX_USART2_UART_Init	8	static
../Core/Src/main.c:528:13:MX_GPIO_Init	48	static
../Core/Src/main.c:575:6:HAL_GPIO_EXTI_Callback	24	static
../Core/Src/main.c:602:6:Error_Handler	4	static,ignoring_inline_asm
